// Jest Snapshot v1, https://goo.gl/fbAQLP

exports[`components/Header.js Should renders the header correctly 1`] = `
<View
  style={
    Object {
      "alignItems": "center",
      "flexDirection": "row",
      "padding": 15,
    }
  }
>
  <View
    accessible={true}
    focusable={true}
    onClick={[Function]}
    onResponderGrant={[Function]}
    onResponderMove={[Function]}
    onResponderRelease={[Function]}
    onResponderTerminate={[Function]}
    onResponderTerminationRequest={[Function]}
    onStartShouldSetResponder={[Function]}
    style={
      Object {
        "opacity": 1,
      }
    }
  >
    <Text
      allowFontScaling={false}
      style={
        Array [
          Object {
            "color": "#C8AB83",
            "fontSize": 25,
          },
          undefined,
          Object {
            "fontFamily": "FontAwesome5Free-Solid",
            "fontStyle": "normal",
            "fontWeight": "normal",
          },
          Object {
            "fontWeight": "900",
          },
        ]
      }
    >
      
    </Text>
  </View>
  <View
    style={
      Object {
        "paddingHorizontal": 5,
      }
    }
  />
  <Text
    style={
      Object {
        "color": "#C8AB83",
        "fontSize": 25,
      }
    }
  >
    Header title
  </Text>
</View>
`;
